python : failed to locate pyvenv.cfg: The system 
cannot find the file specified.
At line:1 char:1
+ python test_phase2.py > test_output.txt 2>&1; 
Get-Content test_output ...
+ ~~~~~~~~~~~~~~~~~~~~~~~~~~~~~~~~~~~~~~~~~~~~
    + CategoryInfo          : NotSpecified: (failed to 
    locat...file specified.:String) [], RemoteExcepti  
  on
    + FullyQualifiedErrorId : NativeCommandError
 


